[www.parcelflow.co.uk/index.html]
[www.parcelflow.co.uk/new_images/char.png]
[backblue.gif]
[fade.gif]
[index.html]
[www.google-analytics.com/analytics.js]
[d2oh4tlt9mrke9.cloudfront.net/Record/js/sessioncam.recorder.js]
[www.parcelflow.co.uk/new_js/jquery.min.1.11.js]
[www.parcelflow.co.uk/new_js/bootstrap.min.js]
[www.parcelflow.co.uk/new_js/jquery.min.js]
[www.parcelflow.co.uk/new_plugins/jquery.fitvids.js]
[www.parcelflow.co.uk/new_plugins/jquery.easing.1.3.js]
[www.parcelflow.co.uk/new_js/jquery.bxslider.min.js]
[www.parcelflow.co.uk/new_images/header-logo.png]
[www.parcelflow.co.uk/forgot1.html]
[www.parcelflow.co.uk/index-2.html]
[www.parcelflow.co.uk/how-it-works.html]
[www.parcelflow.co.uk/amazon-return.html]
[www.parcelflow.co.uk/rewards.html]
[www.parcelflow.co.uk/faqs.html]
[www.parcelflow.co.uk/signup.html]
[www.parcelflow.co.uk/quick-quote.html]
[www.parcelflow.co.uk/contact.html]
[www.parcelflow.co.uk/new_images/img-01.jpg]
[www.parcelflow.co.uk/new_images/img-02.jpg]
[www.parcelflow.co.uk/new_images/img-03.jpg]
[www.parcelflow.co.uk/new_images/img-04.jpg]
[www.parcelflow.co.uk/new_images/join.png]
[www.parcelflow.co.uk/new_images/learn.png]
[www.parcelflow.co.uk/new_images/testi.png]
[www.parcelflow.co.uk/testimonial.html]
[www.parcelflow.co.uk/virtual-office.html]
[www.parcelflow.co.uk/new_images/virtualoffice.png]
[www.parcelflow.co.uk/new_images/amazon.png]
[www.parcelflow.co.uk/new_images/gurantee.png]
[www.parcelflow.co.uk/new_images/store.png]
[www.parcelflow.co.uk/new_images/account.png]
[www.parcelflow.co.uk/personal-shopper.html]
[www.parcelflow.co.uk/terms.html]
[www.parcelflow.co.uk/new_images/footer-logo.png]
[www.parcelflow.co.uk/new_js/jquery-scrolltofixed-min.js]
[www.parcelflow.co.uk/new_js/index.js]
[www.parcelflow.co.uk/index.html]
[www.parcelflow.co.uk/new_images/char.html]
[www.parcelflow.co.uk/fonts/glyphicons-halflings-regular.eot]
[www.parcelflow.co.uk/fonts/glyphicons-halflings-regulard41d.eot]
[www.parcelflow.co.uk/fonts/glyphicons-halflings-regular.woff]
[www.parcelflow.co.uk/fonts/glyphicons-halflings-regular.ttf]
[www.parcelflow.co.uk/new_css/bootstrap.css]
[www.parcelflow.co.uk/new_css/bootstrap.min.css]
[www.parcelflow.co.uk/fonts/fontawesome-webfont3295.eot]
[www.parcelflow.co.uk/fonts/fontawesome-webfontd41d.eot]
[www.parcelflow.co.uk/fonts/fontawesome-webfont3295.woff]
[www.parcelflow.co.uk/fonts/fontawesome-webfont3295.ttf]
[www.parcelflow.co.uk/new_css/font-awesome.css]
[www.parcelflow.co.uk/new_css/font-awesome.min.css]
[www.parcelflow.co.uk/fonts/HelveticaNeue.ttf]
[www.parcelflow.co.uk/fonts/HelveticaNeueBold.ttf]
[www.parcelflow.co.uk/fonts/MYRIADPRO-SEMIBOLD.woff]
[www.parcelflow.co.uk/fonts/MYRIADPRO-SEMIBOLD.OTF]
[www.parcelflow.co.uk/fonts/MyriadPro-Black.eot]
[www.parcelflow.co.uk/fonts/MyriadPro-Blackd41d.eot]
[www.parcelflow.co.uk/fonts/MyriadPro-Black.woff]
[www.parcelflow.co.uk/fonts/MyriadPro-Black.ttf]
[www.parcelflow.co.uk/fonts/MyriadPro-Light.eot]
[www.parcelflow.co.uk/fonts/MyriadPro-Lightd41d.eot]
[www.parcelflow.co.uk/fonts/MyriadPro-Light.woff]
[www.parcelflow.co.uk/fonts/MyriadPro-Light.ttf]
[www.parcelflow.co.uk/images/bg.gif]
[www.parcelflow.co.uk/images/menu-bg.png]
[www.parcelflow.co.uk/images/parcel-footer.png]
[www.parcelflow.co.uk/new_css/style.css]
[www.parcelflow.co.uk/new_css/style_login.css]
[www.parcelflow.co.uk/images/bx_loader.gif]
[www.parcelflow.co.uk/images/controls.png]
[www.parcelflow.co.uk/jquery.bxslider.css]
[www.googleadservices.com/pagead/f.txt]
[www.parcelflow.co.uk/images/logo.png]
[www.parcelflow.co.uk/forgot1.html]
[www.parcelflow.co.uk/index-2.html]
[www.parcelflow.co.uk/images/char.png]
[www.parcelflow.co.uk/scripts/scripts.js]
[www.parcelflow.co.uk/images/hiw_g1.png]
[www.parcelflow.co.uk/images/hiw_o1.png]
[www.parcelflow.co.uk/images/hiw_g2.png]
[www.parcelflow.co.uk/images/hiw_o2.png]
[www.parcelflow.co.uk/images/hiw_g3.png]
[www.parcelflow.co.uk/images/hiw_o3.png]
[www.parcelflow.co.uk/images/hiw_g4.png]
[www.parcelflow.co.uk/images/hiw_o4.png]
[www.parcelflow.co.uk/how-it-works.html]
[www.parcelflow.co.uk/images/header-logo.png]
[www.parcelflow.co.uk/images/shopping-bag.png]
[www.parcelflow.co.uk/images/mouse.png]
[www.parcelflow.co.uk/images/copy-pen.png]
[www.parcelflow.co.uk/images/atm-card.png]
[www.parcelflow.co.uk/images/shiping-box.png]
[www.parcelflow.co.uk/images/Spain.png]
[www.parcelflow.co.uk/images/Germany.png]
[www.parcelflow.co.uk/images/France.png]
[www.parcelflow.co.uk/images/parcelflow-shopping.png]
[www.parcelflow.co.uk/images/footer-logo.png]
[www.parcelflow.co.uk/new_js/scripts.js]
[www.parcelflow.co.uk/amazon-return.html]
[www.parcelflow.co.uk/SpryAssets/SpryTabbedPanels.js]
[www.parcelflow.co.uk/images/parcelmike.gif]
[www.parcelflow.co.uk/rewards.html]
[www.parcelflow.co.uk/images/steps.png]
[www.parcelflow.co.uk/faqs.html]
[ajax.googleapis.com/ajax/libs/jquery/1.9.0/jquery.min.js]
[www.parcelflow.co.uk/js/jquery.prettyPhoto.js]
[www.parcelflow.co.uk/images/signupst1.gif]
[www.parcelflow.co.uk/signup.html]
[www.parcelflow.co.uk/termscaaa.html]
[www.parcelflow.co.uk/images/shipping-from-as-little-as-990-lowest-prices.gif]
[www.parcelflow.co.uk/images/globe.jpg]
[www.parcelflow.co.uk/quick-quote.html]
[www.parcelflow.co.uk/blog/index.html]
[www.parcelflow.co.uk/images/contact_email.png]
[www.parcelflow.co.uk/images/contact_image.png]
[www.parcelflow.co.uk/contact.html]
[www.parcelflow.co.uk/images/flags/United States of America.png]
[www.parcelflow.co.uk/images/flags/Ireland.png]
[www.parcelflow.co.uk/images/flags/Germany.png]
[www.parcelflow.co.uk/images/flags/Spain.png]
[www.parcelflow.co.uk/images/flags/Netherlands.png]
[www.parcelflow.co.uk/images/flags/Australia.png]
[www.parcelflow.co.uk/images/flags/France.png]
[www.parcelflow.co.uk/images/flags/Indonesia.png]
[www.parcelflow.co.uk/images/flags/Chile.png]
[www.parcelflow.co.uk/images/flags/Finland.png]
[www.parcelflow.co.uk/images/flags/Spain-2.png]
[www.parcelflow.co.uk/images/flags/France-2.png]
[www.parcelflow.co.uk/images/flags/Ireland-2.png]
[www.parcelflow.co.uk/images/flags/Switzerland.png]
[www.parcelflow.co.uk/images/flags/Germany-2.png]
[www.parcelflow.co.uk/testimonial.html]
[www.parcelflow.co.uk/virtual/images/header-logo.png]
[www.parcelflow.co.uk/virtual/images/virtual-banner.png]
[www.parcelflow.co.uk/virtual/images/flag-circle.png]
[www.parcelflow.co.uk/gold-band.html]
[www.parcelflow.co.uk/silver-band.html]
[www.parcelflow.co.uk/virtual/images/footer-logo.png]
[www.parcelflow.co.uk/virtual/js/jquery-scrolltofixed-min.js]
[www.parcelflow.co.uk/virtual/js/jquery.min.js]
[www.parcelflow.co.uk/virtual/js/bootstrap.min.js]
[www.parcelflow.co.uk/virtual/js/scripts.js]
[www.parcelflow.co.uk/virtual-office.html]
[www.parcelflow.co.uk/personal-shopper.html]
[www.parcelflow.co.uk/terms.html]
[www.parcelflow.co.uk/fonts/glyphicons-halflings-regular.html]
[www.parcelflow.co.uk/fonts/glyphicons-halflings-regular.svg]
[www.parcelflow.co.uk/fonts/fontawesome-webfont3295.html]
[www.parcelflow.co.uk/fonts/fontawesome-webfont3295.svg]
[www.parcelflow.co.uk/fonts/HelveticaNeue.html]
[www.parcelflow.co.uk/fonts/HelveticaNeued41d.html]
[www.parcelflow.co.uk/fonts/HelveticaNeueBold.html]
[www.parcelflow.co.uk/fonts/HelveticaNeueBoldd41d.html]
[www.parcelflow.co.uk/fonts/MYRIADPRO-SEMIBOLD.html]
[www.parcelflow.co.uk/fonts/MYRIADPRO-SEMIBOLDd41d.html]
[www.parcelflow.co.uk/images/input_bg.gif]
[www.parcelflow.co.uk/images/adre_bg.gif]
[www.parcelflow.co.uk/images/send_btn.png]
[www.parcelflow.co.uk/images/pcard.jpg]
[www.parcelflow.co.uk/images/test_bg.jpg]
[www.parcelflow.co.uk/images/quote_shdw1.jpg]
[www.parcelflow.co.uk/images/quote_shdw2.jpg]
[www.parcelflow.co.uk/images/bk.jpg]
[www.parcelflow.co.uk/images/quote_btn.gif]
[www.parcelflow.co.uk/images/new_o_bg.gif]
[www.parcelflow.co.uk/images/continue_btn.jpg]
[www.parcelflow.co.uk/images/next.png]
[www.parcelflow.co.uk/images/login_btn.png]
[www.parcelflow.co.uk/images/nav_bg.gif]
[www.parcelflow.co.uk/border-radius.htc]
[www.parcelflow.co.uk/images/nav_shadow.gif]
[www.parcelflow.co.uk/images/steps.gif]
[www.parcelflow.co.uk/images/links.gif]
[www.parcelflow.co.uk/ie-css3.htc]
[www.parcelflow.co.uk/images/form_bg.gif]
[www.parcelflow.co.uk/images/save.png]
[www.parcelflow.co.uk/images/signup_btn.png]
[www.parcelflow.co.uk/images/Select.png]
[www.parcelflow.co.uk/images/get_quote.png]
[www.parcelflow.co.uk/images/paypal-checkout.png]
[www.parcelflow.co.uk/images/review_btn.png]
[www.parcelflow.co.uk/images/paypal.png]
[www.parcelflow.co.uk/images/edit_info_btn.png]
[www.parcelflow.co.uk/images/footer_bg.gif]
[www.parcelflow.co.uk/images/confirm.png]
[www.parcelflow.co.uk/images/prettyPhoto/default/sprite.png]
[www.parcelflow.co.uk/images/prettyPhoto/default/sprite_x.png]
[www.parcelflow.co.uk/images/prettyPhoto/default/sprite_y.png]
[www.parcelflow.co.uk/images/prettyPhoto/default/sprite_next.png]
[www.parcelflow.co.uk/images/prettyPhoto/default/sprite_prev.png]
[www.parcelflow.co.uk/images/prettyPhoto/default/default_thumb.png]
[www.parcelflow.co.uk/images/prettyPhoto/default/loader.gif]
[www.parcelflow.co.uk/images/prettyPhoto/light_rounded/sprite.png]
[www.parcelflow.co.uk/images/prettyPhoto/light_rounded/btnNext.png]
[www.parcelflow.co.uk/images/prettyPhoto/light_rounded/btnPrevious.png]
[www.parcelflow.co.uk/images/prettyPhoto/dark_rounded/sprite.png]
[www.parcelflow.co.uk/images/prettyPhoto/dark_rounded/contentPattern.png]
[www.parcelflow.co.uk/images/prettyPhoto/dark_rounded/btnNext.png]
[www.parcelflow.co.uk/images/prettyPhoto/dark_rounded/btnPrevious.png]
[www.parcelflow.co.uk/images/prettyPhoto/dark_rounded/loader.gif]
[www.parcelflow.co.uk/images/prettyPhoto/dark_square/loader.gif]
[www.parcelflow.co.uk/images/prettyPhoto/dark_square/sprite.png]
[www.parcelflow.co.uk/images/prettyPhoto/dark_square/btnNext.png]
[www.parcelflow.co.uk/images/prettyPhoto/dark_square/btnPrevious.png]
[www.parcelflow.co.uk/images/prettyPhoto/light_square/sprite.png]
[www.parcelflow.co.uk/images/prettyPhoto/light_square/btnNext.png]
[www.parcelflow.co.uk/images/prettyPhoto/light_square/btnPrevious.png]
[www.parcelflow.co.uk/images/prettyPhoto/facebook/sprite.png]
[www.parcelflow.co.uk/images/prettyPhoto/facebook/contentPatternTop.png]
[www.parcelflow.co.uk/images/prettyPhoto/facebook/contentPatternLeft.png]
[www.parcelflow.co.uk/images/prettyPhoto/facebook/contentPatternRight.png]
[www.parcelflow.co.uk/images/prettyPhoto/facebook/loader.gif]
[www.parcelflow.co.uk/images/prettyPhoto/facebook/btnNext.png]
[www.parcelflow.co.uk/images/prettyPhoto/facebook/btnPrevious.png]
[www.parcelflow.co.uk/images/prettyPhoto/facebook/contentPatternBottom.png]
[www.parcelflow.co.uk/images/prettyPhoto/facebook/default_thumbnail.gif]
[www.parcelflow.co.uk/images/prettyPhoto/light_rounded/loader.gif]
[www.parcelflow.co.uk/style.css]
[www.parcelflow.co.uk/images/rewards_button.png]
[www.parcelflow.co.uk/images/reward.png]
[www.parcelflow.co.uk/style2.css]
[www.parcelflow.co.uk/images/tab_bg.gif]
[www.parcelflow.co.uk/images/tab_slctd.gif]
[www.parcelflow.co.uk/SpryAssets/SpryTabbedPanels2.css]
[www.parcelflow.co.uk/nivo-slider.css]
[www.parcelflow.co.uk/images/slide1.png]
[www.parcelflow.co.uk/images/loading.gif]
[www.parcelflow.co.uk/images/bullets.png]
[www.parcelflow.co.uk/images/arrows.png]
[www.parcelflow.co.uk/style-slider.css]
[www.parcelflow.co.uk/css/prettyPhoto.css]
[www.parcelflow.co.uk/termscaaa.html]
[www.parcelflow.co.uk/SpryAssets/SpryTabbedPanels.css]
[www.parcelflow.co.uk/images/tbg.png]
[www.parcelflow.co.uk/images/headImg.png]
[www.parcelflow.co.uk/images/navBg.png]
[www.parcelflow.co.uk/images/testimonialBtn.png]
[www.parcelflow.co.uk/images/fbgt.png]
[www.parcelflow.co.uk/style_new.css]
[www.parcelflow.co.uk/virtual/fonts/glyphicons-halflings-regular.eot]
[www.parcelflow.co.uk/virtual/fonts/glyphicons-halflings-regulard41d.eot]
[www.parcelflow.co.uk/virtual/fonts/glyphicons-halflings-regular.woff]
[www.parcelflow.co.uk/virtual/fonts/glyphicons-halflings-regular.ttf]
[www.parcelflow.co.uk/virtual/css/bootstrap.css]
[www.parcelflow.co.uk/virtual/css/bootstrap.min.css]
[www.parcelflow.co.uk/virtual/fonts/fontawesome-webfont3295.eot]
[www.parcelflow.co.uk/virtual/fonts/fontawesome-webfontd41d.eot]
[www.parcelflow.co.uk/virtual/fonts/fontawesome-webfont3295.woff]
[www.parcelflow.co.uk/virtual/fonts/fontawesome-webfont3295.ttf]
[www.parcelflow.co.uk/virtual/css/font-awesome.css]
[www.parcelflow.co.uk/virtual/css/font-awesome.min.css]
[www.parcelflow.co.uk/virtual/fonts/HelveticaNeue.ttf]
[www.parcelflow.co.uk/virtual/fonts/HelveticaNeueBold.ttf]
[www.parcelflow.co.uk/virtual/fonts/MYRIADPRO-SEMIBOLD.woff]
[www.parcelflow.co.uk/virtual/fonts/MYRIADPRO-SEMIBOLD.OTF]
[www.parcelflow.co.uk/virtual/fonts/MyriadPro-Black.eot]
[www.parcelflow.co.uk/virtual/fonts/MyriadPro-Blackd41d.eot]
[www.parcelflow.co.uk/virtual/fonts/MyriadPro-Black.woff]
[www.parcelflow.co.uk/virtual/fonts/MyriadPro-Black.ttf]
[www.parcelflow.co.uk/virtual/fonts/MyriadPro-Light.eot]
[www.parcelflow.co.uk/virtual/fonts/MyriadPro-Lightd41d.eot]
[www.parcelflow.co.uk/virtual/fonts/MyriadPro-Light.woff]
[www.parcelflow.co.uk/virtual/fonts/MyriadPro-Light.ttf]
[www.parcelflow.co.uk/virtual/images/bg.gif]
[www.parcelflow.co.uk/virtual/images/menu-bg.png]
[www.parcelflow.co.uk/virtual/images/parcel-footer.png]
[www.parcelflow.co.uk/virtual/css/style.css]
[www.parcelflow.co.uk/images/button-green-resk.png]
[www.parcelflow.co.uk/virtual.css]
[www.parcelflow.co.uk/index-3.html]
[www.parcelflow.co.uk/virtual/images/basket.png]
[www.parcelflow.co.uk/virtual/images/Gold-virtual.png]
[www.parcelflow.co.uk/gold-band.html]
[www.parcelflow.co.uk/silver-band.html]
[www.parcelflow.co.uk/signup-2.html]
[www.parcelflow.co.uk/images/bullets.html]
[www.parcelflow.co.uk/virtual/fonts/glyphicons-halflings-regular.html]
[www.parcelflow.co.uk/virtual/fonts/glyphicons-halflings-regular.svg]
[www.parcelflow.co.uk/virtual/fonts/fontawesome-webfont3295.html]
[www.parcelflow.co.uk/virtual/fonts/fontawesome-webfont3295.svg]
[www.parcelflow.co.uk/virtual/fonts/HelveticaNeue.html]
[www.parcelflow.co.uk/virtual/fonts/HelveticaNeued41d.html]
[www.parcelflow.co.uk/virtual/fonts/HelveticaNeue-2.html]
[www.parcelflow.co.uk/virtual/fonts/HelveticaNeueBold.html]
[www.parcelflow.co.uk/virtual/fonts/HelveticaNeueBoldd41d.html]
[www.parcelflow.co.uk/virtual/fonts/HelveticaNeueBold-2.html]
[www.parcelflow.co.uk/virtual/fonts/MYRIADPRO-SEMIBOLD.html]
[www.parcelflow.co.uk/virtual/fonts/MYRIADPRO-SEMIBOLDd41d.html]
[www.parcelflow.co.uk/business_19c63.html]
[www.parcelflow.co.uk/business_19c63.html]
